Warning: dropping CDS from gene at NC_000078.6:114851189-114851483 as we are unable to convert this form of annotation to genePred
Warning: dropping CDS from pseudogene at NC_000078.6:114843692-114844083 as we are unable to convert this form of annotation to genePred
Warning: dropping CDS from gene at NC_000080.6:54220520-54224198 as we are unable to convert this form of annotation to genePred
Warning: dropping CDS from pseudogene at NC_000080.6:54218813-54218842 as we are unable to convert this form of annotation to genePred
Warning: dropping CDS from gene at NT_039614.1:1657817-1661492 as we are unable to convert this form of annotation to genePred
Warning: dropping CDS from pseudogene at NT_039614.1:1656110-1656139 as we are unable to convert this form of annotation to genePred
Warning: dropping CDS from gene at NW_012132915.1:376826-377301 as we are unable to convert this form of annotation to genePred
Warning: dropping CDS from pseudogene at NW_012132915.1:362366-362841 as we are unable to convert this form of annotation to genePred
Warning: dropping CDS from gene at NT_187600.1:233682-239174 as we are unable to convert this form of annotation to genePred
Warning: dropping CDS from gene at NC_000007.14:142786879-142786927 as we are unable to convert this form of annotation to genePred
Warning: dropping CDS from gene at NC_000007.14:142786212-142786224 as we are unable to convert this form of annotation to genePred
Warning: dropping CDS from gene at NC_031969.1:532791-533929 as we are unable to convert this form of annotation to genePred
